assets by status 631 KiB [1m[32m[cached][39m[22m 2 assets
runtime modules 793 bytes 4 modules
modules by path [1m./node_modules/[39m[22m 1.39 MiB
  javascript modules 1.38 MiB 288 modules
  json modules 4.61 KiB
    [1m./node_modules/dotenv/package.json[39m[22m 1.39 KiB [1m[33m[built][39m[22m [1m[33m[code generated][39m[22m
    [1m./node_modules/winston/package.json[39m[22m 1.59 KiB [1m[33m[built][39m[22m [1m[33m[code generated][39m[22m
    [1m./node_modules/binary-extensions/binary-extensions.json[39m[22m 1.64 KiB [1m[33m[built][39m[22m [1m[33m[code generated][39m[22m
modules by path [1m./src/[39m[22m 218 KiB
  modules by path [1m./src/main/[39m[22m 160 KiB 18 modules
  modules by path [1m./src/shared/[39m[22m 58.1 KiB
    modules by path [1m./src/shared/errors/*.ts[39m[22m 23.8 KiB 7 modules
    modules by path [1m./src/shared/config/*.ts[39m[22m 18.9 KiB 5 modules
    modules by path [1m./src/shared/logging/*.ts[39m[22m 13.3 KiB 3 modules
    [1m./src/shared/contracts.ts[39m[22m 2.03 KiB [1m[33m[built][39m[22m [1m[33m[code generated][39m[22m
+ 14 modules

[1m[33mWARNING[39m[22m in [1m./node_modules/chokidar/lib/fsevents-handler.js[39m[22m [1m[32m9:13-32[39m[22m
[1mModule [1m[31mnot found[39m[22m[1m: [1m[31mError[39m[22m[1m: Can't resolve 'fsevents' in 'C:\Users\Pranesh\OneDrive\Music\OS FILE MANAGER\node_modules\chokidar\lib'[39m[22m
 @ ./node_modules/chokidar/index.js 15:24-57
 @ ./src/main/services/FileWatcher.ts 37:30-49
 @ ./src/main/main.ts 61:22-55

1 warning has detailed information that is not shown.
Use 'stats.errorDetails: true' resp. '--stats-error-details' to show it.

[1m[31mERROR[39m[22m in [1mC:\Users\Pranesh\OneDrive\Music\OS FILE MANAGER\tests\e2e\file-operations.spec.ts[39m[22m
[1m[32m71:18-25[39m[22m
[1m[tsl] [1m[31mERROR[39m[22m[1m in C:\Users\Pranesh\OneDrive\Music\OS FILE MANAGER\tests\e2e\file-operations.spec.ts(71,19)
      TS2339: Property 'content' does not exist on type 'string'.[39m[22m
ts-loader-default_b4151be614c0f226

[1m[31mERROR[39m[22m in [1mC:\Users\Pranesh\OneDrive\Music\OS FILE MANAGER\tests\e2e\file-operations.spec.ts[39m[22m
[1m[32m72:18-26[39m[22m
[1m[tsl] [1m[31mERROR[39m[22m[1m in C:\Users\Pranesh\OneDrive\Music\OS FILE MANAGER\tests\e2e\file-operations.spec.ts(72,19)
      TS2339: Property 'encoding' does not exist on type 'string'.[39m[22m
ts-loader-default_b4151be614c0f226

webpack 5.103.0 compiled with [1m[31m2 errors[39m[22m and [1m[33m1 warning[39m[22m in 6276 ms
